15-Aug-2026 05:56:42.080 INFO [main] org.apache.catalina.startup.VersionLoggerListener.log Server version name:   Apache Tomcat/10.1.56
15-Aug-2026 05:56:42.096 INFO [main] org.apache.catalina.startup.VersionLoggerListener.log Server built:          Jun 17 2026 23:33:08 UTC
15-Aug-2026 05:56:42.097 INFO [main] org.apache.catalina.startup.VersionLoggerListener.log Server version number: 10.1.56.0
15-Aug-2026 05:56:42.097 INFO [main] org.apache.catalina.startup.VersionLoggerListener.log OS Name:               Linux
15-Aug-2026 05:56:42.097 INFO [main] org.apache.catalina.startup.VersionLoggerListener.log OS Version:            5.15.0-187-generic
15-Aug-2026 05:56:42.098 INFO [main] org.apache.catalina.startup.VersionLoggerListener.log Architecture:          amd64
15-Aug-2026 05:56:42.098 INFO [main] org.apache.catalina.startup.VersionLoggerListener.log Java Home:             /opt/java/openjdk
15-Aug-2026 05:56:42.099 INFO [main] org.apache.catalina.startup.VersionLoggerListener.log JVM Version:           21.0.11+10-LTS
15-Aug-2026 05:56:42.099 INFO [main] org.apache.catalina.startup.VersionLoggerListener.log JVM Vendor:            Eclipse Adoptium
15-Aug-2026 05:56:42.099 INFO [main] org.apache.catalina.startup.VersionLoggerListener.log CATALINA_BASE:         /usr/local/tomcat
15-Aug-2026 05:56:42.099 INFO [main] org.apache.catalina.startup.VersionLoggerListener.log CATALINA_HOME:         /usr/local/tomcat
15-Aug-2026 05:56:42.099 INFO [main] org.apache.catalina.startup.VersionLoggerListener.log Command line argument: -Djava.util.logging.config.file=/usr/local/tomcat/conf/logging.properties
15-Aug-2026 05:56:42.100 INFO [main] org.apache.catalina.startup.VersionLoggerListener.log Command line argument: -Djava.util.logging.manager=org.apache.juli.ClassLoaderLogManager
15-Aug-2026 05:56:42.101 INFO [main] org.apache.catalina.startup.VersionLoggerListener.log Command line argument: -Djdk.tls.ephemeralDHKeySize=2048
15-Aug-2026 05:56:42.101 INFO [main] org.apache.catalina.startup.VersionLoggerListener.log Command line argument: -Djava.protocol.handler.pkgs=org.apache.catalina.webresources
15-Aug-2026 05:56:42.102 INFO [main] org.apache.catalina.startup.VersionLoggerListener.log Command line argument: -Dsun.io.useCanonCaches=false
15-Aug-2026 05:56:42.115 INFO [main] org.apache.catalina.startup.VersionLoggerListener.log Command line argument: -Dorg.apache.catalina.security.SecurityListener.UMASK=0027
15-Aug-2026 05:56:42.124 INFO [main] org.apache.catalina.startup.VersionLoggerListener.log Command line argument: --add-opens=java.base/java.lang=ALL-UNNAMED
15-Aug-2026 05:56:42.124 INFO [main] org.apache.catalina.startup.VersionLoggerListener.log Command line argument: --add-opens=java.base/java.lang.reflect=ALL-UNNAMED
15-Aug-2026 05:56:42.125 INFO [main] org.apache.catalina.startup.VersionLoggerListener.log Command line argument: --add-opens=java.base/java.io=ALL-UNNAMED
15-Aug-2026 05:56:42.126 INFO [main] org.apache.catalina.startup.VersionLoggerListener.log Command line argument: --add-opens=java.base/java.util=ALL-UNNAMED
15-Aug-2026 05:56:42.127 INFO [main] org.apache.catalina.startup.VersionLoggerListener.log Command line argument: --add-opens=java.base/java.util.concurrent=ALL-UNNAMED
15-Aug-2026 05:56:42.127 INFO [main] org.apache.catalina.startup.VersionLoggerListener.log Command line argument: --add-opens=java.rmi/sun.rmi.transport=ALL-UNNAMED
15-Aug-2026 05:56:42.127 INFO [main] org.apache.catalina.startup.VersionLoggerListener.log Command line argument: -javaagent:/opt/jmx/jmx_prometheus_javaagent-1.3.0.jar=9404:/opt/jmx/config.yml
15-Aug-2026 05:56:42.128 INFO [main] org.apache.catalina.startup.VersionLoggerListener.log Command line argument: -Dcatalina.base=/usr/local/tomcat
15-Aug-2026 05:56:42.128 INFO [main] org.apache.catalina.startup.VersionLoggerListener.log Command line argument: -Dcatalina.home=/usr/local/tomcat
15-Aug-2026 05:56:42.129 INFO [main] org.apache.catalina.startup.VersionLoggerListener.log Command line argument: -Djava.io.tmpdir=/usr/local/tomcat/temp
15-Aug-2026 05:56:42.154 INFO [main] org.apache.catalina.core.AprLifecycleListener.lifecycleEvent Loaded Apache Tomcat Native library [2.0.15] using APR version [1.7.2].
15-Aug-2026 05:56:42.177 INFO [main] org.apache.catalina.core.AprLifecycleListener.initializeSSL OpenSSL successfully initialized [OpenSSL 3.0.13 30 Jan 2024]
15-Aug-2026 05:56:42.801 INFO [main] org.apache.coyote.AbstractProtocol.init Initializing ProtocolHandler ["http-nio-8080"]
15-Aug-2026 05:56:42.868 INFO [main] org.apache.catalina.startup.Catalina.load Server initialization in [1594] milliseconds
15-Aug-2026 05:56:43.007 INFO [main] org.apache.catalina.core.StandardService.startInternal Starting service [Catalina]
15-Aug-2026 05:56:43.009 INFO [main] org.apache.catalina.core.StandardEngine.startInternal Starting Servlet engine: [Apache Tomcat/10.1.56]
15-Aug-2026 05:56:43.085 INFO [main] org.apache.catalina.startup.HostConfig.deployWAR Deploying web application archive [/usr/local/tomcat/webapps/ROOT.war]
15-Aug-2026 05:56:47.460 INFO [main] org.apache.jasper.servlet.TldScanner.scanJars At least one JAR was scanned for TLDs yet contained no TLDs. Enable debug logging for this logger for a complete list of JARs that were scanned but no TLDs were found in them. Skipping unneeded JARs during scanning can improve startup time and JSP compilation time.
15-Aug-2026 05:56:48.326 INFO [main] org.apache.catalina.startup.HostConfig.deployWAR Deployment of web application archive [/usr/local/tomcat/webapps/ROOT.war] has finished in [5,240] ms
15-Aug-2026 05:56:48.331 INFO [main] org.apache.coyote.AbstractProtocol.start Starting ProtocolHandler ["http-nio-8080"]
15-Aug-2026 05:56:48.381 INFO [main] org.apache.catalina.startup.Catalina.start Server startup in [5508] milliseconds
