12-Aug-2026 06:48:33.715 INFO [main] org.apache.catalina.startup.VersionLoggerListener.log Server version name:   Apache Tomcat/10.1.56
12-Aug-2026 06:48:33.723 INFO [main] org.apache.catalina.startup.VersionLoggerListener.log Server built:          Jun 17 2026 23:33:08 UTC
12-Aug-2026 06:48:33.726 INFO [main] org.apache.catalina.startup.VersionLoggerListener.log Server version number: 10.1.56.0
12-Aug-2026 06:48:33.730 INFO [main] org.apache.catalina.startup.VersionLoggerListener.log OS Name:               Linux
12-Aug-2026 06:48:33.730 INFO [main] org.apache.catalina.startup.VersionLoggerListener.log OS Version:            5.15.0-187-generic
12-Aug-2026 06:48:33.736 INFO [main] org.apache.catalina.startup.VersionLoggerListener.log Architecture:          amd64
12-Aug-2026 06:48:33.742 INFO [main] org.apache.catalina.startup.VersionLoggerListener.log Java Home:             /opt/java/openjdk
12-Aug-2026 06:48:33.760 INFO [main] org.apache.catalina.startup.VersionLoggerListener.log JVM Version:           21.0.11+10-LTS
12-Aug-2026 06:48:33.760 INFO [main] org.apache.catalina.startup.VersionLoggerListener.log JVM Vendor:            Eclipse Adoptium
12-Aug-2026 06:48:33.761 INFO [main] org.apache.catalina.startup.VersionLoggerListener.log CATALINA_BASE:         /usr/local/tomcat
12-Aug-2026 06:48:33.761 INFO [main] org.apache.catalina.startup.VersionLoggerListener.log CATALINA_HOME:         /usr/local/tomcat
12-Aug-2026 06:48:33.762 INFO [main] org.apache.catalina.startup.VersionLoggerListener.log Command line argument: -Djava.util.logging.config.file=/usr/local/tomcat/conf/logging.properties
12-Aug-2026 06:48:33.764 INFO [main] org.apache.catalina.startup.VersionLoggerListener.log Command line argument: -Djava.util.logging.manager=org.apache.juli.ClassLoaderLogManager
12-Aug-2026 06:48:33.765 INFO [main] org.apache.catalina.startup.VersionLoggerListener.log Command line argument: -Djdk.tls.ephemeralDHKeySize=2048
12-Aug-2026 06:48:33.765 INFO [main] org.apache.catalina.startup.VersionLoggerListener.log Command line argument: -Djava.protocol.handler.pkgs=org.apache.catalina.webresources
12-Aug-2026 06:48:33.766 INFO [main] org.apache.catalina.startup.VersionLoggerListener.log Command line argument: -Dsun.io.useCanonCaches=false
12-Aug-2026 06:48:33.769 INFO [main] org.apache.catalina.startup.VersionLoggerListener.log Command line argument: -Dorg.apache.catalina.security.SecurityListener.UMASK=0027
12-Aug-2026 06:48:33.770 INFO [main] org.apache.catalina.startup.VersionLoggerListener.log Command line argument: --add-opens=java.base/java.lang=ALL-UNNAMED
12-Aug-2026 06:48:33.770 INFO [main] org.apache.catalina.startup.VersionLoggerListener.log Command line argument: --add-opens=java.base/java.lang.reflect=ALL-UNNAMED
12-Aug-2026 06:48:33.771 INFO [main] org.apache.catalina.startup.VersionLoggerListener.log Command line argument: --add-opens=java.base/java.io=ALL-UNNAMED
12-Aug-2026 06:48:33.771 INFO [main] org.apache.catalina.startup.VersionLoggerListener.log Command line argument: --add-opens=java.base/java.util=ALL-UNNAMED
12-Aug-2026 06:48:33.772 INFO [main] org.apache.catalina.startup.VersionLoggerListener.log Command line argument: --add-opens=java.base/java.util.concurrent=ALL-UNNAMED
12-Aug-2026 06:48:33.776 INFO [main] org.apache.catalina.startup.VersionLoggerListener.log Command line argument: --add-opens=java.rmi/sun.rmi.transport=ALL-UNNAMED
12-Aug-2026 06:48:33.777 INFO [main] org.apache.catalina.startup.VersionLoggerListener.log Command line argument: -javaagent:/opt/jmx/jmx_prometheus_javaagent-1.3.0.jar=9404:/opt/jmx/config.yml
12-Aug-2026 06:48:33.781 INFO [main] org.apache.catalina.startup.VersionLoggerListener.log Command line argument: -Dcatalina.base=/usr/local/tomcat
12-Aug-2026 06:48:33.783 INFO [main] org.apache.catalina.startup.VersionLoggerListener.log Command line argument: -Dcatalina.home=/usr/local/tomcat
12-Aug-2026 06:48:33.786 INFO [main] org.apache.catalina.startup.VersionLoggerListener.log Command line argument: -Djava.io.tmpdir=/usr/local/tomcat/temp
12-Aug-2026 06:48:33.935 INFO [main] org.apache.catalina.core.AprLifecycleListener.lifecycleEvent Loaded Apache Tomcat Native library [2.0.15] using APR version [1.7.2].
12-Aug-2026 06:48:34.025 INFO [main] org.apache.catalina.core.AprLifecycleListener.initializeSSL OpenSSL successfully initialized [OpenSSL 3.0.13 30 Jan 2024]
12-Aug-2026 06:48:35.120 INFO [main] org.apache.coyote.AbstractProtocol.init Initializing ProtocolHandler ["http-nio-8080"]
12-Aug-2026 06:48:35.262 INFO [main] org.apache.catalina.startup.Catalina.load Server initialization in [2661] milliseconds
12-Aug-2026 06:48:35.536 INFO [main] org.apache.catalina.core.StandardService.startInternal Starting service [Catalina]
12-Aug-2026 06:48:35.537 INFO [main] org.apache.catalina.core.StandardEngine.startInternal Starting Servlet engine: [Apache Tomcat/10.1.56]
12-Aug-2026 06:48:35.642 INFO [main] org.apache.catalina.startup.HostConfig.deployWAR Deploying web application archive [/usr/local/tomcat/webapps/ROOT.war]
12-Aug-2026 06:48:41.140 INFO [main] org.apache.jasper.servlet.TldScanner.scanJars At least one JAR was scanned for TLDs yet contained no TLDs. Enable debug logging for this logger for a complete list of JARs that were scanned but no TLDs were found in them. Skipping unneeded JARs during scanning can improve startup time and JSP compilation time.
12-Aug-2026 06:48:42.109 INFO [main] org.apache.catalina.startup.HostConfig.deployWAR Deployment of web application archive [/usr/local/tomcat/webapps/ROOT.war] has finished in [6,465] ms
12-Aug-2026 06:48:42.132 INFO [main] org.apache.coyote.AbstractProtocol.start Starting ProtocolHandler ["http-nio-8080"]
12-Aug-2026 06:48:42.229 INFO [main] org.apache.catalina.startup.Catalina.start Server startup in [6964] milliseconds
